[www.techzone10.com/index.html]
[backblue.gif]
[fade.gif]
[index.html]
[pagead2.googlesyndication.com/pagead/js/f.txt]
[www.techzone10.com/favicon.ico]
[www.techzone10.com/feeds/posts/default]
[www.techzone10.com/feeds/posts/default9522]
[stackpath.bootstrapcdn.com/bootstrap/4.4.1/css/bootstrap.min.css]
[www.techzone10.com/grabbing.5.delayed]
[4.bp.blogspot.com/-VN6S-ac5hWA/WxWUnbKHPkI/AAAAAAAACQc/lYGY2KS5cgYr9d4rqHgDyVtF8Yp1C4pJgCLcBGAs/s1600/Preloader_7.gif]
[2.bp.blogspot.com/-bNZePDihTPU/UZ-lhWAHXqI/AAAAAAAAJuo/aSVVE_A6HpE/s320/name.png]
[3.bp.blogspot.com/-Wf_IBW4cEts/UZ-li4SsnvI/AAAAAAAAJuw/qYAi9lghY1E/s320/email.png]
[3.bp.blogspot.com/-khPijW1G86o/Wp2BgYtCJMI/AAAAAAAAB3Q/0-NoI9OyKIkZxngpqpHHp-KI2DnTzBWGwCK4BGAYYCw/s1600/not-found-1770320_1280.jpg]
[www.techzone10.com/p/contact-us_13.html]
[www.techzone10.com/p/about-us.html]
[4.bp.blogspot.com/-OEh5oe6wb-o/YHZ7UEX3KyI/AAAAAAAACYU/e5AGW429hS8jweSfLQgdAd_W3o6ziue9QCK4BGAYYCw/s1600/35186.jpg]
[www.techzone10.com/p/privacy-policy.html]
[www.techzone10.com/p/best-deals-and-offers-of-today.f.delayed]
[2.bp.blogspot.com/-IHWGznXbkMk/Wu7Yh1JjqzI/AAAAAAAACLI/2fSXrBGZJTEOHk5ENYrQpAj14rBKXUI4wCLcBGAs/s1600/close.png]
[chimpstatic.com/mcjs-connected/js/users/7ad2ad5abcbd4708f12b84711/b1f273f53c98d12c98223138c.js]
[www.techzone10.com/2021/10/how-to-watch-naruto-shippuden-dub-for.html]
[www.techzone10.com/2021/10/how-to-watch-squid-games-for-free_8.html]
[www.techzone10.com/2021/10/how-to-watch-bridgerton-in-english-for.html]
[www.techzone10.com/2021/09/how-to-watch-money-heist-in-english-for.html]
[www.techzone10.com/2021/08/bgmi-for-ios-launched-how-to-download.html]
[www.techzone10.com/2021/07/best-budget-wireless-ear-buds-under-5000.html]
[www.techzone10.com/search/label/Wireless.html]
[www.techzone10.com/2021/06/top-5-best-laptops-for-collegeschool.html]
[www.techzone10.com/2021/06/battle-ground-mobile-india-early-access.html]
[www.techzone10.com/2021/06/how-to-drive-traffic-to-your-websiteno.html]
[www.techzone10.com/search/label/Bring traffic to your website.html]
[www.techzone10.com/2021/06/Cheapest-5G-Phone-India.html]
[www.techzone10.com/search/label/POCO M3 Pro 5G.html]
[www.techzone10.com/2021/06/5-tips-to-increase-laptop-battery-life.html]
[www.techzone10.com/search/label/Tips.html]
[www.techzone10.com/2021/06/ps5-india-restock-official-date.html]
[www.techzone10.com/search/label/PS5 restock.html]
[www.techzone10.com/search532d.html]
[www.techzone10.com/search/label/Battery.html]
[www.techzone10.com/search/label/index.html]
[www.techzone10.com/search/label/Battery Life.html]
[www.techzone10.com/search/label/Best Smart Watch.html]
[www.techzone10.com/search/label/BestBudgetPhone.html]
[www.techzone10.com/search/label/Budget 5G phone.html]
[www.techzone10.com/search/label/Budget Ear-Buds.html]
[www.techzone10.com/search/label/Budget Smart Watch.html]
[www.techzone10.com/search/label/Budget Watch.html]
[www.techzone10.com/search/label/Cheapest 5G Phone.html]
[www.techzone10.com/search/label/Ear-Buds.html]
[www.techzone10.com/search/label/Oneplus 9 Pro.html]
[www.techzone10.com/search/label/PhoneUnder₹20000.html]
[www.techzone10.com/search/label/Pocox3.html]
[www.techzone10.com/search/label/PS5.html]
[www.techzone10.com/search/label/PS5 console.html]
[www.techzone10.com/search/label/Ps5 console for sale.html]
[www.techzone10.com/search/label/PS5 digital.html]
[www.techzone10.com/search/label/PS5 India.html]
[www.techzone10.com/search/label/Smart Watch.html]
[cdn.jsdelivr.net/npm/popper.js@1.16.0/dist/umd/popper.min.js]
[www.techzone10.com/search/label/Specs.html]
[stackpath.bootstrapcdn.com/bootstrap/4.4.1/js/bootstrap.min.js]
[3.bp.blogspot.com/-zP87C2q9yog/UVopoHY30SI/AAAAAAAAE5k/AIyPvrpGLn8/s1600/picture_not_available.png]
[www.techzone10.com/megamenu/index.html]
[www.techzone10.com/default.3b.delayed]
[www.techzone10.com/hqdefault.3c.delayed]
[www.techzone10.com/maxresdefault.3d.delayed]
[www.techzone10.com/mqdefault.3e.delayed]
[www.techzone10.com/0.3f.delayed]
[www.blogger.com/static/v1/widgets/3210581208-widgets.js]
[www.techzone10.com/index.html]
[stackpath.bootstrapcdn.com/bootstrap/4.4.1/css/bootstrap.min.css]
[www.techzone10.com/grabbing.html]
[www.blogger.com/dyn-css/authorization045f.css]
[www.techzone10.com/p/grabbing.41.delayed]
[www.blogger.com/static/v1/jsbin/186635561-comment_from_post_iframe.js]
[www.techzone10.com/p/contact-us_13.html]
[www.techzone10.com/p/about-us.html]
[www.techzone10.com/p/privacy-policy.html]
[www.techzone10.com/p/best-deals-and-offers-of-today.html]
[www.techzone10.com/p/megamenu/index.html]
[www.techzone10.com/feeds/1156399258725867580/comments/default]
[www.techzone10.com/2021/10/grabbing.44.delayed]
[www.techzone10.com/2021/10/how-to-watch-naruto-shippuden-dub-for.html]
[www.techzone10.com/p/how-to-watch-naruto-shippuden-dub-for.html]
[www.techzone10.com/feeds/3849576275422503247/comments/default]
[www.techzone10.com/2021/10/megamenu/index.html]
[www.techzone10.com/2021/10/how-to-watch-squid-games-for-free_8.html]
[www.techzone10.com/p/how-to-watch-squid-games-for-free.html]
[www.techzone10.com/feeds/7573544508237969256/comments/default]
[1.bp.blogspot.com/-PIrITclDD58/YVvUh6V9GTI/AAAAAAAADg4/2qs2Qq-jWEIbFUXMumReDAB5Xe7YXrncwCNcBGAsYHQ/s320/FA15FFA7-3CB4-4AFF-9D5A-54A034E788AA.png]
[pagead2.googlesyndication.com/pagead/js/fa81d.txt]
[www.techzone10.com/2021/10/how-to-watch-bridgerton-in-english-for.html]
[www.techzone10.com/p/how-to-watch-bridgerton-in-english-for.html]
[www.techzone10.com/feeds/7631641195781522199/comments/default]
[1.bp.blogspot.com/-ghOPx6ERVfM/YTpZ5RrVV6I/AAAAAAAACo8/Z4gbX3iZSZQYBZ7imlDDj7emH0Rg44zBgCNcBGAsYHQ/w358-h210/91DB58D1-74F5-4965-BA61-082E1198BC4D.png]
[www.techzone10.com/2021/09/grabbing.4e.delayed]
[1.bp.blogspot.com/-ghOPx6ERVfM/YTpZ5RrVV6I/AAAAAAAACo8/Z4gbX3iZSZQYBZ7imlDDj7emH0Rg44zBgCNcBGAsYHQ/s1006/91DB58D1-74F5-4965-BA61-082E1198BC4D.png]
[www.techzone10.com/2021/09/how-to-watch-money-heist-in-english-for.html]
[www.techzone10.com/p/how-to-watch-money-heist-in-english-for.html]
[www.techzone10.com/feeds/2974335439574903066/comments/default]
[1.bp.blogspot.com/-igaxQpbepY8/YRzgujjg0fI/AAAAAAAACoQ/r1tG5aGxDLEJO_URKOAe2OhWONe_S4kCwCNcBGAsYHQ/s320/60611C4C-3819-46EE-B311-0B2FF061F66E.png]
[www.techzone10.com/2021/09/megamenu/index.html]
[www.techzone10.com/2021/08/grabbing.53.delayed]
[1.bp.blogspot.com/-igaxQpbepY8/YRzgujjg0fI/AAAAAAAACoQ/r1tG5aGxDLEJO_URKOAe2OhWONe_S4kCwCNcBGAsYHQ/s1006/60611C4C-3819-46EE-B311-0B2FF061F66E.png]
[www.techzone10.com/2021/08/bgmi-for-ios-launched-how-to-download.html]
[www.techzone10.com/2021/06/best-budget-laptop-under-50k-hp-15.html]
[www.techzone10.com/feeds/2309050056932235194/comments/default]
[1.bp.blogspot.com/-SYuf92agyMo/YOCrhLgSaoI/AAAAAAAACmU/bsrQDg3OjeU928GW5tfc5pCyqKng1ju8ACNcBGAsYHQ/s320/Best (3).jpg]
[www.techzone10.com/2021/08/megamenu/index.html]
[www.techzone10.com/2021/07/grabbing.58.delayed]
[1.bp.blogspot.com/-SYuf92agyMo/YOCrhLgSaoI/AAAAAAAACmU/bsrQDg3OjeU928GW5tfc5pCyqKng1ju8ACNcBGAsYHQ/s1004/Best (3).jpg]
[www.techzone10.com/2021/07/best-budget-wireless-ear-buds-under-5000.html]
[www.techzone10.com/2021/07/megamenu/index.html]
[www.techzone10.com/search/label/grabbing.html]
[www.techzone10.com/search/label/Wireless.html]
[www.techzone10.com/search/label/Wirelessfe9a.html]
[www.techzone10.com/feeds/4127733267580970486/comments/default]
[1.bp.blogspot.com/-0sGmKNeMoDE/YM2YNbavnHI/AAAAAAAACjM/EkDb26mZXb0AzT9qlFWE69nK-38rLlULwCNcBGAsYHQ/s320/Best (2).jpg]
[www.techzone10.com/search/label/megamenu/index.html]
[www.techzone10.com/2021/06/grabbing.5e.delayed]
[1.bp.blogspot.com/-0sGmKNeMoDE/YM2YNbavnHI/AAAAAAAACjM/EkDb26mZXb0AzT9qlFWE69nK-38rLlULwCNcBGAsYHQ/s1004/Best (2).jpg]
[www.techzone10.com/2021/06/top-5-best-laptops-for-collegeschool.html]
[www.techzone10.com/feeds/4989513789256844902/comments/default]
[1.bp.blogspot.com/-mUJFk4HN5WI/YMzi3TTeXWI/AAAAAAAACjE/GVv2aCcSYusUimmGiuvWoNDKE7F1jXiJwCNcBGAsYHQ/s320/Best (1).jpg]
[www.techzone10.com/2021/06/megamenu/index.html]
[1.bp.blogspot.com/-mUJFk4HN5WI/YMzi3TTeXWI/AAAAAAAACjE/GVv2aCcSYusUimmGiuvWoNDKE7F1jXiJwCNcBGAsYHQ/s1004/Best (1).jpg]
[www.techzone10.com/2021/06/battle-ground-mobile-india-early-access.html]
[www.techzone10.com/feeds/853847963085579740/comments/default]
[1.bp.blogspot.com/-FG6JFKdLu_0/YMM4kubz3wI/AAAAAAAAChw/M9LabaNlB8sw520sZdHqO_LsoAhcolxDACNcBGAsYHQ/s320/Best.jpg]
[1.bp.blogspot.com/-FG6JFKdLu_0/YMM4kubz3wI/AAAAAAAAChw/M9LabaNlB8sw520sZdHqO_LsoAhcolxDACNcBGAsYHQ/s1004/Best.jpg]
[www.blogger.com/img/blogger_logo_round_35.png]
[www.techzone10.com/2021/06/how-to-drive-traffic-to-your-websiteno5ec9.html]
[www.techzone10.com/2021/06/how-to-drive-traffic-to-your-websiteno.html]
[www.techzone10.com/2021/06/how-to-drive-traffic-to-your-websiteno04df.html]
[www.techzone10.com/search/label/Bring traffic to your website.html]
[www.techzone10.com/search/label/Bring traffic to your website31ba.html]
[www.techzone10.com/feeds/3038765603029215610/comments/default]
[1.bp.blogspot.com/-FJsdRn8KQMs/YMLNADMts2I/AAAAAAAAChk/axwAuvGIm4QK0XBBuyCgkEBAmBb7VlJoQCNcBGAsYHQ/s320/Best BuDGEt Smartwatch (2).jpg]
[1.bp.blogspot.com/-FJsdRn8KQMs/YMLNADMts2I/AAAAAAAAChk/axwAuvGIm4QK0XBBuyCgkEBAmBb7VlJoQCNcBGAsYHQ/s1004/Best BuDGEt Smartwatch (2).jpg]
[www.techzone10.com/2021/04/Best budget phone.html]
[www.techzone10.com/2021/06/Cheapest-5G-Phone-India.html]
[www.techzone10.com/2021/04/3-best-smart-watchs-under-5000-in-india.html]
[www.techzone10.com/search/label/POCO M3 Pro 5G.html]
[www.techzone10.com/search/label/POCO M3 Pro 5G96ef.html]
[www.techzone10.com/feeds/826015777641943590/comments/default]
[1.bp.blogspot.com/-diMnNpqevWI/YMI7YEASb5I/AAAAAAAAChM/YOcyJbfubhgLwfSJnIvJq6-9WVsrnRu9wCNcBGAsYHQ/s320/Best BuDGEt Smartwatch (1).jpg]
[1.bp.blogspot.com/-diMnNpqevWI/YMI7YEASb5I/AAAAAAAAChM/YOcyJbfubhgLwfSJnIvJq6-9WVsrnRu9wCNcBGAsYHQ/s1004/Best BuDGEt Smartwatch (1).jpg]
[www.techzone10.com/2021/06/5-tips-to-increase-laptop-battery-life.html]
[www.techzone10.com/search/label/Tips.html]
[www.techzone10.com/search/label/Tipsca98.html]
[www.techzone10.com/feeds/8026845469575236372/comments/default]
[1.bp.blogspot.com/-l14y1B0C8wE/YMCvSP7zEEI/AAAAAAAACg0/kjUyu2MxcjMqj2Pw7I4gmDgIc9n1Y9eTwCNcBGAsYHQ/s320/2A3CEDAA-B03A-448E-8E5B-D8403C53943A-_1_ (1).jpg]
[1.bp.blogspot.com/-l14y1B0C8wE/YMCvSP7zEEI/AAAAAAAACg0/kjUyu2MxcjMqj2Pw7I4gmDgIc9n1Y9eTwCNcBGAsYHQ/s1004/2A3CEDAA-B03A-448E-8E5B-D8403C53943A-_1_ (1).jpg]
[www.techzone10.com/2021/06/ps5-india-restock-official-date.html]
[www.techzone10.com/search/label/PS5 restock.html]
[www.techzone10.com/search/label/PS5 restock67fe.html]
[www.techzone10.com/search0109.html]
[www.techzone10.com/search532d.html]
[www.techzone10.com/2021/05/oneplus-9-pro-specs-price.html]
[www.techzone10.com/search.html]
[www.techzone10.com/search/label/index.html]
[www.techzone10.com/searche6c5.html]
[www.techzone10.com/search/label/Battery.html]
[www.techzone10.com/search/label/Batteryca98.html]
[www.techzone10.com/search/label/Battery Life.html]
[www.techzone10.com/search/label/Battery Lifeca98.html]
[www.techzone10.com/search/label/Best Smart Watch.html]
[www.techzone10.com/search/label/BestBudgetPhone.html]
[www.techzone10.com/search/label/Best Smart Watche3ea.html]
[www.techzone10.com/search/label/Budget 5G phone.html]
[www.techzone10.com/search/label/Budget 5G phone96ef.html]
[www.techzone10.com/search/label/Budget Ear-Buds.html]
[www.techzone10.com/search/label/Budget Ear-Budsfe9a.html]
[www.techzone10.com/search/label/Budget Smart Watch.html]
[www.techzone10.com/search/label/Budget Smart Watche3ea.html]
[www.techzone10.com/search/label/Budget Watch.html]
[www.techzone10.com/search/label/Budget Watche3ea.html]
[www.techzone10.com/search/label/Cheapest 5G Phone.html]
[www.techzone10.com/search/label/Cheapest 5G Phone96ef.html]
[www.techzone10.com/search/label/Ear-Buds.html]
[www.techzone10.com/search/label/Ear-Budsfe9a.html]
[www.techzone10.com/search/label/Oneplus 9 Pro.html]
[www.techzone10.com/search/label/PhoneUnder₹20000.html]
[www.techzone10.com/search/label/Pocox3.html]
[www.techzone10.com/search/label/Oneplus 9 Proed93.html]
[www.techzone10.com/search/label/PS5.html]
[www.techzone10.com/search/label/PS567fe.html]
[www.techzone10.com/search/label/PS5 console.html]
[www.techzone10.com/search/label/PS5 console67fe.html]
[www.techzone10.com/search/label/Ps5 console for sale.html]
[www.techzone10.com/search/label/Ps5 console for sale67fe.html]
[www.techzone10.com/search/label/PS5 digital.html]
[www.techzone10.com/search/label/PS5 digital67fe.html]
[www.techzone10.com/search/label/PS5 India.html]
[www.techzone10.com/search/label/PS5 India67fe.html]
[www.techzone10.com/search/label/Smart Watch.html]
[www.techzone10.com/search/label/Smart Watche3ea.html]
[www.techzone10.com/search/label/Specs.html]
[www.techzone10.com/megamenu/index.html]
[www.techzone10.com/default.html]
[www.techzone10.com/hqdefault.html]
[www.techzone10.com/maxresdefault.html]
[www.techzone10.com/mqdefault.html]
[www.techzone10.com/0.html]
[www.techzone10.com/p/grabbing.html]
[www.techzone10.com/p/megamenu/index.html]
[www.techzone10.com/2021/10/grabbing.html]
[www.techzone10.com/p/how-to-watch-naruto-shippuden-dub-for.html]
[www.techzone10.com/2021/10/megamenu/index.html]
[www.techzone10.com/p/how-to-watch-squid-games-for-free.html]
[www.techzone10.com/p/how-to-watch-bridgerton-in-english-for.html]
[www.techzone10.com/2021/09/grabbing.html]
[www.techzone10.com/p/how-to-watch-money-heist-in-english-for.html]
[www.techzone10.com/2021/09/megamenu/index.html]
[www.techzone10.com/2021/08/grabbing.html]
[www.techzone10.com/search/label/Specsed93.html]
[www.techzone10.com/feeds/1839052139161748103/comments/default]
[1.bp.blogspot.com/-Jwfb487WfA8/YMCwNs7XYwI/AAAAAAAACg8/dnM7bXjpF6UzHiZ0y6BbHAh3uG0E4dyvgCNcBGAsYHQ/s0/Lap.jpeg]
[1.bp.blogspot.com/-Jwfb487WfA8/YMCwNs7XYwI/AAAAAAAACg8/dnM7bXjpF6UzHiZ0y6BbHAh3uG0E4dyvgCNcBGAsYHQ/s320/Lap.jpeg]
[1.bp.blogspot.com/-jCdN_jQQxeI/XlTOy2eSfTI/AAAAAAAAAAQ/A5OQzTrgVKMaQ3O6SonRNwYqaAedFr55wCLcBGAsYHQ/s1600/go-to-offer.png]
[www.techzone10.com/2021/06/best-budget-laptop-under-50k-hp-15.html]
[www.techzone10.com/2021/08/megamenu/index.html]
[www.techzone10.com/2021/07/grabbing.html]
[www.techzone10.com/2021/07/megamenu/index.html]
[www.techzone10.com/search/label/grabbing.html]
[www.techzone10.com/search/label/Wirelessfe9a.html]
[www.techzone10.com/search/label/Wireless825d.html]
[www.techzone10.com/search/label/megamenu.html]
[www.techzone10.com/search/label/megamenu/grabbing.93.delayed]
[www.techzone10.com/search/label/megamenu/index.html]
[www.techzone10.com/2021/06/grabbing.html]
[www.techzone10.com/2021/06/megamenu/index.html]
[www.techzone10.com/2021/06/how-to-drive-traffic-to-your-websiteno5ec9.html]
[www.techzone10.com/2021/06/how-to-drive-traffic-to-your-websiteno04df.html]
[www.techzone10.com/search/label/megamenu/megamenu/index.html]
[www.techzone10.com/search/label/Bring traffic to your website31ba.html]
[www.techzone10.com/search/label/Bring traffic to your website80bf.html]
[www.techzone10.com/feeds/8415626831272486051/comments/default]
[www.techzone10.com/2021/04/grabbing.96.delayed]
[1.bp.blogspot.com/-0sXvNt-BxRE/YHHx3r8_DFI/AAAAAAAACWo/VXz41fUQa2gMmMnxFIloKUckSn9JG4wawCNcBGAsYHQ/s2048/D057683D-6B23-4F19-99E8-803C0FF6F226.png]
[1.bp.blogspot.com/-lKSpxsx8AGg/YHHx2tPhn6I/AAAAAAAACWg/rFrPaY31A4YQPKbTAE-2fpo2ghJ4MFFgQCNcBGAsYHQ/s850/1AA8CF8A-0F6A-4928-B17C-3A5C24CC6429.jpeg]
[1.bp.blogspot.com/-lKSpxsx8AGg/YHHx2tPhn6I/AAAAAAAACWg/rFrPaY31A4YQPKbTAE-2fpo2ghJ4MFFgQCNcBGAsYHQ/s320/1AA8CF8A-0F6A-4928-B17C-3A5C24CC6429.jpeg]
[www.techzone10.com/2021/04/Best budget phonebb63.html]
[2.bp.blogspot.com/-quQPPl1FqCg/YBAgFA1PZ9I/AAAAAAAAANo/noXcRoKVCuAh7P7NOMg4829L8d3CP8gDgCK4BGAYYCw/s35/FB_IMG_1474702544578.jpg]
[www.techzone10.com/2021/04/Best budget phone7a28.html]
[www.techzone10.com/2021/04/Best budget phone.html]
[www.techzone10.com/2021/04/Best budget phone0526.html]
[www.techzone10.com/feeds/5781544428036240946/comments/default]
[1.bp.blogspot.com/-d-oBGrsXxxQ/YHp8XrnX5gI/AAAAAAAACZY/wRl7Pq_xKBsr4oULpe4tbeORXu5Xa3Y5ACNcBGAsYHQ/s320/C1AA7040-E2F3-4EE6-B170-F36E3060D8F8.png]
[www.techzone10.com/2021/04/megamenu/index.html]
[1.bp.blogspot.com/-d-oBGrsXxxQ/YHp8XrnX5gI/AAAAAAAACZY/wRl7Pq_xKBsr4oULpe4tbeORXu5Xa3Y5ACNcBGAsYHQ/s1006/C1AA7040-E2F3-4EE6-B170-F36E3060D8F8.png]
[www.techzone10.com/2021/04/3-best-smart-watchs-under-5000-in-india.html]
[www.techzone10.com/search/label/POCO M3 Pro 5G96ef.html]
[www.techzone10.com/search/label/POCO M3 Pro 5G05ff.html]
[www.techzone10.com/search/label/Tipsca98.html]
[www.techzone10.com/search/label/Tipse697.html]
[www.techzone10.com/search/label/PS5 restock67fe.html]
[www.techzone10.com/search0109.html]
[www.techzone10.com/search/label/PS5 restockfad1.html]
[www.techzone10.com/feeds/5567380339125176627/comments/default]
[1.bp.blogspot.com/-WW3IxgWCksc/YHq01hBhYVI/AAAAAAAACZw/Clto5GxBSiU5JoBqjzHj2FgBT7iSqSbfQCNcBGAsYHQ/s320/6A5E21B1-A580-44D7-8A59-218C5FEDC820.png]
[www.techzone10.com/2021/05/grabbing.a6.delayed]
[1.bp.blogspot.com/-_pZ-MH4mLvc/YHq1Ar4GmbI/AAAAAAAACZ0/fcSA6PdiuKoVStVSx7W44ezPYN0841yjQCNcBGAsYHQ/s1006/A1C2B4E6-0417-474D-BF45-3BA50A0EF595.png]
[1.bp.blogspot.com/-_pZ-MH4mLvc/YHq1Ar4GmbI/AAAAAAAACZ0/fcSA6PdiuKoVStVSx7W44ezPYN0841yjQCNcBGAsYHQ/w347-h204/A1C2B4E6-0417-474D-BF45-3BA50A0EF595.png]
[1.bp.blogspot.com/-OJfFk6HPBBM/YIBgZ78T6KI/AAAAAAAACak/_-qvt-GlJCwfcDfHrXqxjKx-F_FZx8L7wCNcBGAsYHQ/s1271/FB1CCA56-377F-4A33-862B-B0B35C811C24.jpeg]
[1.bp.blogspot.com/-OJfFk6HPBBM/YIBgZ78T6KI/AAAAAAAACak/_-qvt-GlJCwfcDfHrXqxjKx-F_FZx8L7wCNcBGAsYHQ/w286-h284/FB1CCA56-377F-4A33-862B-B0B35C811C24.jpeg]
[1.bp.blogspot.com/-D430oYPm0mg/YIBgGjGTYuI/AAAAAAAACac/Qfd9mtycwLciFUnUZavbX0Jz7gA2cEPrACNcBGAsYHQ/s1273/6A4C1AAC-9D59-48A0-8D02-A02FDBD1BBC0.jpeg]
[1.bp.blogspot.com/-D430oYPm0mg/YIBgGjGTYuI/AAAAAAAACac/Qfd9mtycwLciFUnUZavbX0Jz7gA2cEPrACNcBGAsYHQ/w290-h288/6A4C1AAC-9D59-48A0-8D02-A02FDBD1BBC0.jpeg]
[www.techzone10.com/2021/05/oneplus-9-pro-specs-price.html]
[www.techzone10.com/search.html]
[www.techzone10.com/2021/05/megamenu/index.html]
[www.techzone10.com/searche6c5.html]
[www.techzone10.com/search4b22.html]
[www.techzone10.com/search/label/Batteryca98.html]
[www.techzone10.com/search/label/Batterye697.html]
[www.techzone10.com/search/label/Battery Lifeca98.html]
[www.techzone10.com/search/label/Battery Lifee697.html]
[www.techzone10.com/search/label/Best Smart Watche3ea.html]
[www.techzone10.com/search/label/Best Smart Watchdc34.html]
[www.techzone10.com/search/label/Budget 5G phone96ef.html]
[www.techzone10.com/search/label/Budget 5G phone05ff.html]
[www.techzone10.com/search/label/Budget Ear-Budsfe9a.html]
[www.techzone10.com/search/label/Budget Ear-Buds825d.html]
[www.techzone10.com/search/label/Budget Smart Watche3ea.html]
[www.techzone10.com/search/label/Budget Smart Watchdc34.html]
[www.techzone10.com/search/label/Budget Watche3ea.html]
[www.techzone10.com/search/label/Budget Watchdc34.html]
[www.techzone10.com/search/label/Cheapest 5G Phone96ef.html]
[www.techzone10.com/search/label/Cheapest 5G Phone05ff.html]
[www.techzone10.com/search/label/Ear-Budsfe9a.html]
[www.techzone10.com/search/label/Ear-Buds825d.html]
[www.techzone10.com/search/label/Oneplus 9 Proed93.html]
[www.techzone10.com/search/label/Oneplus 9 Prof0c2.html]
[www.techzone10.com/search/label/PS567fe.html]
[www.techzone10.com/search/label/PS5fad1.html]
[www.techzone10.com/search/label/PS5 console67fe.html]
[www.techzone10.com/search/label/PS5 consolefad1.html]
[www.techzone10.com/search/label/Ps5 console for sale67fe.html]
[www.techzone10.com/search/label/Ps5 console for salefad1.html]
[www.techzone10.com/search/label/PS5 digital67fe.html]
[www.techzone10.com/search/label/PS5 digitalfad1.html]
[www.techzone10.com/search/label/PS5 India67fe.html]
[www.techzone10.com/search/label/PS5 Indiafad1.html]
[www.techzone10.com/search/label/Smart Watche3ea.html]
[www.techzone10.com/search/label/Smart Watchdc34.html]
[www.techzone10.com/search/label/Specsed93.html]
[www.techzone10.com/search/label/Wireless825d.html]
[www.techzone10.com/search/label/megamenu.html]
[www.techzone10.com/search/label/megamenu/grabbing.html]
[www.techzone10.com/search/label/megamenu/megamenu/index.html]
[www.techzone10.com/search/label/Bring traffic to your website80bf.html]
[www.techzone10.com/2021/04/grabbing.html]
[www.techzone10.com/2021/04/Best budget phonebb63.html]
[www.techzone10.com/2021/04/Best budget phone7a28.html]
[www.techzone10.com/2021/04/Best budget phone0526.html]
[www.techzone10.com/2021/04/megamenu/index.html]
[www.techzone10.com/search/label/POCO M3 Pro 5G05ff.html]
[www.techzone10.com/search/label/Tipse697.html]
[www.techzone10.com/search/label/PS5 restockfad1.html]
[www.techzone10.com/2021/05/grabbing.html]
[www.techzone10.com/2021/05/megamenu/index.html]
[www.techzone10.com/search4b22.html]
[www.techzone10.com/search/label/Batterye697.html]
[www.techzone10.com/search/label/Battery Lifee697.html]
[www.techzone10.com/search/label/Best Smart Watchdc34.html]
[www.techzone10.com/search/label/Budget 5G phone05ff.html]
[www.techzone10.com/search/label/Budget Ear-Buds825d.html]
[www.techzone10.com/search/label/Budget Smart Watchdc34.html]
[www.techzone10.com/search/label/Budget Watchdc34.html]
[www.techzone10.com/search/label/Cheapest 5G Phone05ff.html]
[www.techzone10.com/search/label/Ear-Buds825d.html]
[www.techzone10.com/search/label/Oneplus 9 Prof0c2.html]
[www.techzone10.com/search/label/PS5fad1.html]
[www.techzone10.com/search/label/PS5 consolefad1.html]
[www.techzone10.com/search/label/Ps5 console for salefad1.html]
[www.techzone10.com/search/label/PS5 digitalfad1.html]
[www.techzone10.com/search/label/PS5 Indiafad1.html]
[www.techzone10.com/search/label/Smart Watchdc34.html]
[www.techzone10.com/search/label/Specsf0c2.html]
[www.techzone10.com/search/label/Specsf0c2.html]
